// Jest Snapshot v1, https://goo.gl/fbAQLP

exports[`should render Header correctly 1`] = `
<header
  className="navbar"
>
  <h1>
    Expensify
  </h1>
  <[object Object]
    activeClassName="nav-link is-active"
    exact={true}
    to="/"
  >
    Home
  </[object Object]>
  <[object Object]
    activeClassName="nav-link is-active"
    to="/dashboard"
  >
    Dashboard
  </[object Object]>
  <[object Object]
    activeClassName="nav-link is-active"
    to="/create"
  >
    Create expense
  </[object Object]>
  <[object Object]
    activeClassName="nav-link is-active"
    to="/help"
  >
    Help
  </[object Object]>
</header>
`;
